// Jest Snapshot v1, https://goo.gl/fbAQLP

exports[`pdk-pipeline-java E2E Tests pdk-pipeline-java-create 1`] = `
Object {
  "./cdk.out/PipelineStack.template.json": "{
 \\"Resources\\": {
  \\"CodeRepositoryBA42F94A\\": {
   \\"Type\\": \\"AWS::CodeCommit::Repository\\",
   \\"Properties\\": {
    \\"RepositoryName\\": \\"monorepo\\"
   },
   \\"UpdateReplacePolicy\\": \\"Retain\\",
   \\"DeletionPolicy\\": \\"Retain\\",
   \\"Metadata\\": {
    \\"aws:cdk:path\\": \\"PipelineStack/CodeRepository/Resource\\"
   }
  },
  \\"CodeRepositoryPipelineStackApplicationPipelineE013471CmainlineEventRule2B5FEEE6\\": {
   \\"Type\\": \\"AWS::Events::Rule\\",
   \\"Properties\\": {
    \\"EventPattern\\": {
     \\"source\\": [
      \\"aws.codecommit\\"
     ],
     \\"resources\\": [
      {
       \\"Fn::GetAtt\\": [
        \\"CodeRepositoryBA42F94A\\",
        \\"Arn\\"
       ]
      }
     ],
     \\"detail-type\\": [
      \\"CodeCommit Repository State Change\\"
     ],
     \\"detail\\": {
      \\"event\\": [
       \\"referenceCreated\\",
       \\"referenceUpdated\\"
      ],
      \\"referenceName\\": [
       \\"mainline\\"
      ]
     }
    },
    \\"State\\": \\"ENABLED\\",
    \\"Targets\\": [
     {
      \\"Arn\\": {
       \\"Fn::Join\\": [
        \\"\\",
        [
         \\"arn:\\",
         {
          \\"Ref\\": \\"AWS::Partition\\"
         },
         \\":codepipeline:us-west-2:780623879521:\\",
         {
          \\"Ref\\": \\"ApplicationPipelineF4864186\\"
         }
        ]
       ]
      },
      \\"Id\\": \\"Target0\\",
      \\"RoleArn\\": {
       \\"Fn::GetAtt\\": [
        \\"ApplicationPipelineEventsRole6CB12042\\",
        \\"Arn\\"
       ]
      }
     }
    ]
   },
   \\"Metadata\\": {
    \\"aws:cdk:path\\": \\"PipelineStack/CodeRepository/PipelineStackApplicationPipelineE013471C-mainline-EventRule/Resource\\"
   }
  },
  \\"ApplicationPipelineArtifactsBucketEncryptionKeyA1456BAF\\": {
   \\"Type\\": \\"AWS::KMS::Key\\",
   \\"Properties\\": {
    \\"KeyPolicy\\": {
     \\"Statement\\": [
      {
       \\"Action\\": \\"kms:*\\",
       \\"Effect\\": \\"Allow\\",
       \\"Principal\\": {
        \\"AWS\\": {
         \\"Fn::Join\\": [
          \\"\\",
          [
           \\"arn:\\",
           {
            \\"Ref\\": \\"AWS::Partition\\"
           },
           \\":iam::780623879521:root\\"
          ]
         ]
        }
       },
       \\"Resource\\": \\"*\\"
      },
      {
       \\"Action\\": [
        \\"kms:Decrypt\\",
        \\"kms:DescribeKey\\"
       ],
       \\"Effect\\": \\"Allow\\",
       \\"Principal\\": {
        \\"AWS\\": {
         \\"Fn::Join\\": [
          \\"\\",
          [
           \\"arn:\\",
           {
            \\"Ref\\": \\"AWS::Partition\\"
           },
           \\":iam::780623879521:role/cdk-hnb659fds-deploy-role-780623879521-us-west-2\\"
          ]
         ]
        }
       },
       \\"Resource\\": \\"*\\"
      }
     ],
     \\"Version\\": \\"2012-10-17\\"
    }
   },
   \\"UpdateReplacePolicy\\": \\"Delete\\",
   \\"DeletionPolicy\\": \\"Delete\\",
   \\"Metadata\\": {
    \\"aws:cdk:path\\": \\"PipelineStack/ApplicationPipeline/Pipeline/ArtifactsBucketEncryptionKey/Resource\\"
   }
  },
  \\"ApplicationPipelineArtifactsBucketEncryptionKeyAlias83127E63\\": {
   \\"Type\\": \\"AWS::KMS::Alias\\",
   \\"Properties\\": {
    \\"AliasName\\": \\"alias/codepipeline-pipelinestackapplicationpipelinee013471c\\",
    \\"TargetKeyId\\": {
     \\"Fn::GetAtt\\": [
      \\"ApplicationPipelineArtifactsBucketEncryptionKeyA1456BAF\\",
      \\"Arn\\"
     ]
    }
   },
   \\"UpdateReplacePolicy\\": \\"Delete\\",
   \\"DeletionPolicy\\": \\"Delete\\",
   \\"Metadata\\": {
    \\"aws:cdk:path\\": \\"PipelineStack/ApplicationPipeline/Pipeline/ArtifactsBucketEncryptionKeyAlias/Resource\\"
   }
  },
  \\"ApplicationPipelineArtifactsBucket4027023B\\": {
   \\"Type\\": \\"AWS::S3::Bucket\\",
   \\"Properties\\": {
    \\"BucketEncryption\\": {
     \\"ServerSideEncryptionConfiguration\\": [
      {
       \\"ServerSideEncryptionByDefault\\": {
        \\"KMSMasterKeyID\\": {
         \\"Fn::GetAtt\\": [
          \\"ApplicationPipelineArtifactsBucketEncryptionKeyA1456BAF\\",
          \\"Arn\\"
         ]
        },
        \\"SSEAlgorithm\\": \\"aws:kms\\"
       }
      }
     ]
    },
    \\"PublicAccessBlockConfiguration\\": {
     \\"BlockPublicAcls\\": true,
     \\"BlockPublicPolicy\\": true,
     \\"IgnorePublicAcls\\": true,
     \\"RestrictPublicBuckets\\": true
    }
   },
   \\"UpdateReplacePolicy\\": \\"Retain\\",
   \\"DeletionPolicy\\": \\"Retain\\",
   \\"Metadata\\": {
    \\"aws:cdk:path\\": \\"PipelineStack/ApplicationPipeline/Pipeline/ArtifactsBucket/Resource\\"
   }
  },
  \\"ApplicationPipelineArtifactsBucketPolicyABE78175\\": {
   \\"Type\\": \\"AWS::S3::BucketPolicy\\",
   \\"Properties\\": {
    \\"Bucket\\": {
     \\"Ref\\": \\"ApplicationPipelineArtifactsBucket4027023B\\"
    },
    \\"PolicyDocument\\": {
     \\"Statement\\": [
      {
       \\"Action\\": \\"s3:*\\",
       \\"Condition\\": {
        \\"Bool\\": {
         \\"aws:SecureTransport\\": \\"false\\"
        }
       },
       \\"Effect\\": \\"Deny\\",
       \\"Principal\\": {
        \\"AWS\\": \\"*\\"
       },
       \\"Resource\\": [
        {
         \\"Fn::GetAtt\\": [
          \\"ApplicationPipelineArtifactsBucket4027023B\\",
          \\"Arn\\"
         ]
        },
        {
         \\"Fn::Join\\": [
          \\"\\",
          [
           {
            \\"Fn::GetAtt\\": [
             \\"ApplicationPipelineArtifactsBucket4027023B\\",
             \\"Arn\\"
            ]
           },
           \\"/*\\"
          ]
         ]
        }
       ]
      },
      {
       \\"Action\\": [
        \\"s3:GetObject*\\",
        \\"s3:GetBucket*\\",
        \\"s3:List*\\"
       ],
       \\"Effect\\": \\"Allow\\",
       \\"Principal\\": {
        \\"AWS\\": {
         \\"Fn::Join\\": [
          \\"\\",
          [
           \\"arn:\\",
           {
            \\"Ref\\": \\"AWS::Partition\\"
           },
           \\":iam::780623879521:role/cdk-hnb659fds-deploy-role-780623879521-us-west-2\\"
          ]
         ]
        }
       },
       \\"Resource\\": [
        {
         \\"Fn::GetAtt\\": [
          \\"ApplicationPipelineArtifactsBucket4027023B\\",
          \\"Arn\\"
         ]
        },
        {
         \\"Fn::Join\\": [
          \\"\\",
          [
           {
            \\"Fn::GetAtt\\": [
             \\"ApplicationPipelineArtifactsBucket4027023B\\",
             \\"Arn\\"
            ]
           },
           \\"/*\\"
          ]
         ]
        }
       ]
      }
     ],
     \\"Version\\": \\"2012-10-17\\"
    }
   },
   \\"Metadata\\": {
    \\"aws:cdk:path\\": \\"PipelineStack/ApplicationPipeline/Pipeline/ArtifactsBucket/Policy/Resource\\"
   }
  },
  \\"ApplicationPipelineRoleB318A89A\\": {
   \\"Type\\": \\"AWS::IAM::Role\\",
   \\"Properties\\": {
    \\"AssumeRolePolicyDocument\\": {
     \\"Statement\\": [
      {
       \\"Action\\": \\"sts:AssumeRole\\",
       \\"Effect\\": \\"Allow\\",
       \\"Principal\\": {
        \\"Service\\": \\"codepipeline.amazonaws.com\\"
       }
      }
     ],
     \\"Version\\": \\"2012-10-17\\"
    }
   },
   \\"Metadata\\": {
    \\"aws:cdk:path\\": \\"PipelineStack/ApplicationPipeline/Pipeline/Role/Resource\\"
   }
  },
  \\"ApplicationPipelineRoleDefaultPolicy7B82848B\\": {
   \\"Type\\": \\"AWS::IAM::Policy\\",
   \\"Properties\\": {
    \\"PolicyDocument\\": {
     \\"Statement\\": [
      {
       \\"Action\\": [
        \\"s3:GetObject*\\",
        \\"s3:GetBucket*\\",
        \\"s3:List*\\",
        \\"s3:DeleteObject*\\",
        \\"s3:PutObject\\",
        \\"s3:PutObjectLegalHold\\",
        \\"s3:PutObjectRetention\\",
        \\"s3:PutObjectTagging\\",
        \\"s3:PutObjectVersionTagging\\",
        \\"s3:Abort*\\"
       ],
       \\"Effect\\": \\"Allow\\",
       \\"Resource\\": [
        {
         \\"Fn::GetAtt\\": [
          \\"ApplicationPipelineArtifactsBucket4027023B\\",
          \\"Arn\\"
         ]
        },
        {
         \\"Fn::Join\\": [
          \\"\\",
          [
           {
            \\"Fn::GetAtt\\": [
             \\"ApplicationPipelineArtifactsBucket4027023B\\",
             \\"Arn\\"
            ]
           },
           \\"/*\\"
          ]
         ]
        }
       ]
      },
      {
       \\"Action\\": [
        \\"kms:Decrypt\\",
        \\"kms:DescribeKey\\",
        \\"kms:Encrypt\\",
        \\"kms:ReEncrypt*\\",
        \\"kms:GenerateDataKey*\\"
       ],
       \\"Effect\\": \\"Allow\\",
       \\"Resource\\": {
        \\"Fn::GetAtt\\": [
         \\"ApplicationPipelineArtifactsBucketEncryptionKeyA1456BAF\\",
         \\"Arn\\"
        ]
       }
      },
      {
       \\"Action\\": \\"sts:AssumeRole\\",
       \\"Effect\\": \\"Allow\\",
       \\"Resource\\": {
        \\"Fn::GetAtt\\": [
         \\"ApplicationPipelineSourceCodeCommitCodePipelineActionRoleD8186B88\\",
         \\"Arn\\"
        ]
       }
      },
      {
       \\"Action\\": \\"sts:AssumeRole\\",
       \\"Effect\\": \\"Allow\\",
       \\"Resource\\": {
        \\"Fn::GetAtt\\": [
         \\"ApplicationPipelineBuildSynthCodePipelineActionRoleBDCC8F46\\",
         \\"Arn\\"
        ]
       }
      },
      {
       \\"Action\\": \\"sts:AssumeRole\\",
       \\"Effect\\": \\"Allow\\",
       \\"Resource\\": {
        \\"Fn::GetAtt\\": [
         \\"ApplicationPipelineUpdatePipelineSelfMutateCodePipelineActionRoleDAB6E268\\",
         \\"Arn\\"
        ]
       }
      },
      {
       \\"Action\\": \\"sts:AssumeRole\\",
       \\"Effect\\": \\"Allow\\",
       \\"Resource\\": {
        \\"Fn::Join\\": [
         \\"\\",
         [
          \\"arn:\\",
          {
           \\"Ref\\": \\"AWS::Partition\\"
          },
          \\":iam::780623879521:role/cdk-hnb659fds-deploy-role-780623879521-us-west-2\\"
         ]
        ]
       }
      }
     ],
     \\"Version\\": \\"2012-10-17\\"
    },
    \\"PolicyName\\": \\"ApplicationPipelineRoleDefaultPolicy7B82848B\\",
    \\"Roles\\": [
     {
      \\"Ref\\": \\"ApplicationPipelineRoleB318A89A\\"
     }
    ]
   },
   \\"Metadata\\": {
    \\"aws:cdk:path\\": \\"PipelineStack/ApplicationPipeline/Pipeline/Role/DefaultPolicy/Resource\\"
   }
  },
  \\"ApplicationPipelineF4864186\\": {
   \\"Type\\": \\"AWS::CodePipeline::Pipeline\\",
   \\"Properties\\": {
    \\"RoleArn\\": {
     \\"Fn::GetAtt\\": [
      \\"ApplicationPipelineRoleB318A89A\\",
      \\"Arn\\"
     ]
    },
    \\"Stages\\": [
     {
      \\"Actions\\": [
       {
        \\"ActionTypeId\\": {
         \\"Category\\": \\"Source\\",
         \\"Owner\\": \\"AWS\\",
         \\"Provider\\": \\"CodeCommit\\",
         \\"Version\\": \\"1\\"
        },
        \\"Configuration\\": {
         \\"RepositoryName\\": {
          \\"Fn::GetAtt\\": [
           \\"CodeRepositoryBA42F94A\\",
           \\"Name\\"
          ]
         },
         \\"BranchName\\": \\"mainline\\",
         \\"PollForSourceChanges\\": false
        },
        \\"Name\\": {
         \\"Fn::GetAtt\\": [
          \\"CodeRepositoryBA42F94A\\",
          \\"Name\\"
         ]
        },
        \\"OutputArtifacts\\": [
         {
          \\"Name\\": \\"c82244603cc306daa15e91b9f8ea50820c9a426bfd_Source\\"
         }
        ],
        \\"RoleArn\\": {
         \\"Fn::GetAtt\\": [
          \\"ApplicationPipelineSourceCodeCommitCodePipelineActionRoleD8186B88\\",
          \\"Arn\\"
         ]
        },
        \\"RunOrder\\": 1
       }
      ],
      \\"Name\\": \\"Source\\"
     },
     {
      \\"Actions\\": [
       {
        \\"ActionTypeId\\": {
         \\"Category\\": \\"Build\\",
         \\"Owner\\": \\"AWS\\",
         \\"Provider\\": \\"CodeBuild\\",
         \\"Version\\": \\"1\\"
        },
        \\"Configuration\\": {
         \\"ProjectName\\": {
          \\"Ref\\": \\"ApplicationPipelineBuildSynthCdkBuildProject5CE66381\\"
         },
         \\"EnvironmentVariables\\": \\"[{\\\\\\"name\\\\\\":\\\\\\"_PROJECT_CONFIG_HASH\\\\\\",\\\\\\"type\\\\\\":\\\\\\"PLAINTEXT\\\\\\",\\\\\\"value\\\\\\":\\\\\\"3431e10c25ca9aa5f733add64a90e595b16df30a07d4ad818d49aa9a8ecb37b2\\\\\\"}]\\"
        },
        \\"InputArtifacts\\": [
         {
          \\"Name\\": \\"c82244603cc306daa15e91b9f8ea50820c9a426bfd_Source\\"
         }
        ],
        \\"Name\\": \\"Synth\\",
        \\"OutputArtifacts\\": [
         {
          \\"Name\\": \\"Synth_Output\\"
         },
         {
          \\"Name\\": \\"Synth__\\"
         }
        ],
        \\"RoleArn\\": {
         \\"Fn::GetAtt\\": [
          \\"ApplicationPipelineBuildSynthCodePipelineActionRoleBDCC8F46\\",
          \\"Arn\\"
         ]
        },
        \\"RunOrder\\": 1
       }
      ],
      \\"Name\\": \\"Build\\"
     },
     {
      \\"Actions\\": [
       {
        \\"ActionTypeId\\": {
         \\"Category\\": \\"Build\\",
         \\"Owner\\": \\"AWS\\",
         \\"Provider\\": \\"CodeBuild\\",
         \\"Version\\": \\"1\\"
        },
        \\"Configuration\\": {
         \\"ProjectName\\": {
          \\"Ref\\": \\"ApplicationPipelineUpdatePipelineSelfMutation36D37AA8\\"
         },
         \\"EnvironmentVariables\\": \\"[{\\\\\\"name\\\\\\":\\\\\\"_PROJECT_CONFIG_HASH\\\\\\",\\\\\\"type\\\\\\":\\\\\\"PLAINTEXT\\\\\\",\\\\\\"value\\\\\\":\\\\\\"396986ca0b4b81f6476ea51f35e3ab52c5c0f97cf91d2a264f001fb0c88846be\\\\\\"}]\\"
        },
        \\"InputArtifacts\\": [
         {
          \\"Name\\": \\"Synth_Output\\"
         }
        ],
        \\"Name\\": \\"SelfMutate\\",
        \\"RoleArn\\": {
         \\"Fn::GetAtt\\": [
          \\"ApplicationPipelineUpdatePipelineSelfMutateCodePipelineActionRoleDAB6E268\\",
          \\"Arn\\"
         ]
        },
        \\"RunOrder\\": 1
       }
      ],
      \\"Name\\": \\"UpdatePipeline\\"
     },
     {
      \\"Actions\\": [
       {
        \\"ActionTypeId\\": {
         \\"Category\\": \\"Deploy\\",
         \\"Owner\\": \\"AWS\\",
         \\"Provider\\": \\"CloudFormation\\",
         \\"Version\\": \\"1\\"
        },
        \\"Configuration\\": {
         \\"StackName\\": \\"Dev-MyAplication\\",
         \\"Capabilities\\": \\"CAPABILITY_NAMED_IAM,CAPABILITY_AUTO_EXPAND\\",
         \\"RoleArn\\": {
          \\"Fn::Join\\": [
           \\"\\",
           [
            \\"arn:\\",
            {
             \\"Ref\\": \\"AWS::Partition\\"
            },
            \\":iam::780623879521:role/cdk-hnb659fds-cfn-exec-role-780623879521-us-west-2\\"
           ]
          ]
         },
         \\"ActionMode\\": \\"CHANGE_SET_REPLACE\\",
         \\"ChangeSetName\\": \\"PipelineChange\\",
         \\"TemplatePath\\": \\"Synth_Output::assembly-Dev/DevMyAplicationBF4ABE64.template.json\\"
        },
        \\"InputArtifacts\\": [
         {
          \\"Name\\": \\"Synth_Output\\"
         }
        ],
        \\"Name\\": \\"Prepare\\",
        \\"RoleArn\\": {
         \\"Fn::Join\\": [
          \\"\\",
          [
           \\"arn:\\",
           {
            \\"Ref\\": \\"AWS::Partition\\"
           },
           \\":iam::780623879521:role/cdk-hnb659fds-deploy-role-780623879521-us-west-2\\"
          ]
         ]
        },
        \\"RunOrder\\": 1
       },
       {
        \\"ActionTypeId\\": {
         \\"Category\\": \\"Deploy\\",
         \\"Owner\\": \\"AWS\\",
         \\"Provider\\": \\"CloudFormation\\",
         \\"Version\\": \\"1\\"
        },
        \\"Configuration\\": {
         \\"StackName\\": \\"Dev-MyAplication\\",
         \\"ActionMode\\": \\"CHANGE_SET_EXECUTE\\",
         \\"ChangeSetName\\": \\"PipelineChange\\"
        },
        \\"Name\\": \\"Deploy\\",
        \\"RoleArn\\": {
         \\"Fn::Join\\": [
          \\"\\",
          [
           \\"arn:\\",
           {
            \\"Ref\\": \\"AWS::Partition\\"
           },
           \\":iam::780623879521:role/cdk-hnb659fds-deploy-role-780623879521-us-west-2\\"
          ]
         ]
        },
        \\"RunOrder\\": 2
       }
      ],
      \\"Name\\": \\"Dev\\"
     }
    ],
    \\"ArtifactStore\\": {
     \\"EncryptionKey\\": {
      \\"Id\\": {
       \\"Fn::GetAtt\\": [
        \\"ApplicationPipelineArtifactsBucketEncryptionKeyA1456BAF\\",
        \\"Arn\\"
       ]
      },
      \\"Type\\": \\"KMS\\"
     },
     \\"Location\\": {
      \\"Ref\\": \\"ApplicationPipelineArtifactsBucket4027023B\\"
     },
     \\"Type\\": \\"S3\\"
    },
    \\"RestartExecutionOnUpdate\\": true
   },
   \\"DependsOn\\": [
    \\"ApplicationPipelineRoleDefaultPolicy7B82848B\\",
    \\"ApplicationPipelineRoleB318A89A\\"
   ],
   \\"Metadata\\": {
    \\"aws:cdk:path\\": \\"PipelineStack/ApplicationPipeline/Pipeline/Resource\\"
   }
  },
  \\"ApplicationPipelineSourceCodeCommitCodePipelineActionRoleD8186B88\\": {
   \\"Type\\": \\"AWS::IAM::Role\\",
   \\"Properties\\": {
    \\"AssumeRolePolicyDocument\\": {
     \\"Statement\\": [
      {
       \\"Action\\": \\"sts:AssumeRole\\",
       \\"Effect\\": \\"Allow\\",
       \\"Principal\\": {
        \\"AWS\\": {
         \\"Fn::Join\\": [
          \\"\\",
          [
           \\"arn:\\",
           {
            \\"Ref\\": \\"AWS::Partition\\"
           },
           \\":iam::780623879521:root\\"
          ]
         ]
        }
       }
      }
     ],
     \\"Version\\": \\"2012-10-17\\"
    }
   },
   \\"Metadata\\": {
    \\"aws:cdk:path\\": \\"PipelineStack/ApplicationPipeline/Pipeline/Source/CodeCommit/CodePipelineActionRole/Resource\\"
   }
  },
  \\"ApplicationPipelineSourceCodeCommitCodePipelineActionRoleDefaultPolicy89E449CD\\": {
   \\"Type\\": \\"AWS::IAM::Policy\\",
   \\"Properties\\": {
    \\"PolicyDocument\\": {
     \\"Statement\\": [
      {
       \\"Action\\": [
        \\"s3:GetObject*\\",
        \\"s3:GetBucket*\\",
        \\"s3:List*\\",
        \\"s3:DeleteObject*\\",
        \\"s3:PutObject\\",
        \\"s3:PutObjectLegalHold\\",
        \\"s3:PutObjectRetention\\",
        \\"s3:PutObjectTagging\\",
        \\"s3:PutObjectVersionTagging\\",
        \\"s3:Abort*\\"
       ],
       \\"Effect\\": \\"Allow\\",
       \\"Resource\\": [
        {
         \\"Fn::GetAtt\\": [
          \\"ApplicationPipelineArtifactsBucket4027023B\\",
          \\"Arn\\"
         ]
        },
        {
         \\"Fn::Join\\": [
          \\"\\",
          [
           {
            \\"Fn::GetAtt\\": [
             \\"ApplicationPipelineArtifactsBucket4027023B\\",
             \\"Arn\\"
            ]
           },
           \\"/*\\"
          ]
         ]
        }
       ]
      },
      {
       \\"Action\\": [
        \\"kms:Decrypt\\",
        \\"kms:DescribeKey\\",
        \\"kms:Encrypt\\",
        \\"kms:ReEncrypt*\\",
        \\"kms:GenerateDataKey*\\"
       ],
       \\"Effect\\": \\"Allow\\",
       \\"Resource\\": {
        \\"Fn::GetAtt\\": [
         \\"ApplicationPipelineArtifactsBucketEncryptionKeyA1456BAF\\",
         \\"Arn\\"
        ]
       }
      },
      {
       \\"Action\\": [
        \\"codecommit:GetBranch\\",
        \\"codecommit:GetCommit\\",
        \\"codecommit:UploadArchive\\",
        \\"codecommit:GetUploadArchiveStatus\\",
        \\"codecommit:CancelUploadArchive\\"
       ],
       \\"Effect\\": \\"Allow\\",
       \\"Resource\\": {
        \\"Fn::GetAtt\\": [
         \\"CodeRepositoryBA42F94A\\",
         \\"Arn\\"
        ]
       }
      }
     ],
     \\"Version\\": \\"2012-10-17\\"
    },
    \\"PolicyName\\": \\"ApplicationPipelineSourceCodeCommitCodePipelineActionRoleDefaultPolicy89E449CD\\",
    \\"Roles\\": [
     {
      \\"Ref\\": \\"ApplicationPipelineSourceCodeCommitCodePipelineActionRoleD8186B88\\"
     }
    ]
   },
   \\"Metadata\\": {
    \\"aws:cdk:path\\": \\"PipelineStack/ApplicationPipeline/Pipeline/Source/CodeCommit/CodePipelineActionRole/DefaultPolicy/Resource\\"
   }
  },
  \\"ApplicationPipelineEventsRole6CB12042\\": {
   \\"Type\\": \\"AWS::IAM::Role\\",
   \\"Properties\\": {
    \\"AssumeRolePolicyDocument\\": {
     \\"Statement\\": [
      {
       \\"Action\\": \\"sts:AssumeRole\\",
       \\"Effect\\": \\"Allow\\",
       \\"Principal\\": {
        \\"Service\\": \\"events.amazonaws.com\\"
       }
      }
     ],
     \\"Version\\": \\"2012-10-17\\"
    }
   },
   \\"Metadata\\": {
    \\"aws:cdk:path\\": \\"PipelineStack/ApplicationPipeline/Pipeline/EventsRole/Resource\\"
   }
  },
  \\"ApplicationPipelineEventsRoleDefaultPolicyE2D4B6B1\\": {
   \\"Type\\": \\"AWS::IAM::Policy\\",
   \\"Properties\\": {
    \\"PolicyDocument\\": {
     \\"Statement\\": [
      {
       \\"Action\\": \\"codepipeline:StartPipelineExecution\\",
       \\"Effect\\": \\"Allow\\",
       \\"Resource\\": {
        \\"Fn::Join\\": [
         \\"\\",
         [
          \\"arn:\\",
          {
           \\"Ref\\": \\"AWS::Partition\\"
          },
          \\":codepipeline:us-west-2:780623879521:\\",
          {
           \\"Ref\\": \\"ApplicationPipelineF4864186\\"
          }
         ]
        ]
       }
      }
     ],
     \\"Version\\": \\"2012-10-17\\"
    },
    \\"PolicyName\\": \\"ApplicationPipelineEventsRoleDefaultPolicyE2D4B6B1\\",
    \\"Roles\\": [
     {
      \\"Ref\\": \\"ApplicationPipelineEventsRole6CB12042\\"
     }
    ]
   },
   \\"Metadata\\": {
    \\"aws:cdk:path\\": \\"PipelineStack/ApplicationPipeline/Pipeline/EventsRole/DefaultPolicy/Resource\\"
   }
  },
  \\"ApplicationPipelineBuildSynthCdkBuildProjectRoleC9663957\\": {
   \\"Type\\": \\"AWS::IAM::Role\\",
   \\"Properties\\": {
    \\"AssumeRolePolicyDocument\\": {
     \\"Statement\\": [
      {
       \\"Action\\": \\"sts:AssumeRole\\",
       \\"Effect\\": \\"Allow\\",
       \\"Principal\\": {
        \\"Service\\": \\"codebuild.amazonaws.com\\"
       }
      }
     ],
     \\"Version\\": \\"2012-10-17\\"
    }
   },
   \\"Metadata\\": {
    \\"aws:cdk:path\\": \\"PipelineStack/ApplicationPipeline/Pipeline/Build/Synth/CdkBuildProject/Role/Resource\\"
   }
  },
  \\"ApplicationPipelineBuildSynthCdkBuildProjectRoleDefaultPolicyF8AC335E\\": {
   \\"Type\\": \\"AWS::IAM::Policy\\",
   \\"Properties\\": {
    \\"PolicyDocument\\": {
     \\"Statement\\": [
      {
       \\"Action\\": [
        \\"logs:CreateLogGroup\\",
        \\"logs:CreateLogStream\\",
        \\"logs:PutLogEvents\\"
       ],
       \\"Effect\\": \\"Allow\\",
       \\"Resource\\": [
        {
         \\"Fn::Join\\": [
          \\"\\",
          [
           \\"arn:\\",
           {
            \\"Ref\\": \\"AWS::Partition\\"
           },
           \\":logs:us-west-2:780623879521:log-group:/aws/codebuild/\\",
           {
            \\"Ref\\": \\"ApplicationPipelineBuildSynthCdkBuildProject5CE66381\\"
           }
          ]
         ]
        },
        {
         \\"Fn::Join\\": [
          \\"\\",
          [
           \\"arn:\\",
           {
            \\"Ref\\": \\"AWS::Partition\\"
           },
           \\":logs:us-west-2:780623879521:log-group:/aws/codebuild/\\",
           {
            \\"Ref\\": \\"ApplicationPipelineBuildSynthCdkBuildProject5CE66381\\"
           },
           \\":*\\"
          ]
         ]
        }
       ]
      },
      {
       \\"Action\\": [
        \\"codebuild:CreateReportGroup\\",
        \\"codebuild:CreateReport\\",
        \\"codebuild:UpdateReport\\",
        \\"codebuild:BatchPutTestCases\\",
        \\"codebuild:BatchPutCodeCoverages\\"
       ],
       \\"Effect\\": \\"Allow\\",
       \\"Resource\\": {
        \\"Fn::Join\\": [
         \\"\\",
         [
          \\"arn:\\",
          {
           \\"Ref\\": \\"AWS::Partition\\"
          },
          \\":codebuild:us-west-2:780623879521:report-group/\\",
          {
           \\"Ref\\": \\"ApplicationPipelineBuildSynthCdkBuildProject5CE66381\\"
          },
          \\"-*\\"
         ]
        ]
       }
      },
      {
       \\"Action\\": [
        \\"s3:GetObject*\\",
        \\"s3:GetBucket*\\",
        \\"s3:List*\\",
        \\"s3:DeleteObject*\\",
        \\"s3:PutObject\\",
        \\"s3:PutObjectLegalHold\\",
        \\"s3:PutObjectRetention\\",
        \\"s3:PutObjectTagging\\",
        \\"s3:PutObjectVersionTagging\\",
        \\"s3:Abort*\\"
       ],
       \\"Effect\\": \\"Allow\\",
       \\"Resource\\": [
        {
         \\"Fn::GetAtt\\": [
          \\"ApplicationPipelineArtifactsBucket4027023B\\",
          \\"Arn\\"
         ]
        },
        {
         \\"Fn::Join\\": [
          \\"\\",
          [
           {
            \\"Fn::GetAtt\\": [
             \\"ApplicationPipelineArtifactsBucket4027023B\\",
             \\"Arn\\"
            ]
           },
           \\"/*\\"
          ]
         ]
        }
       ]
      },
      {
       \\"Action\\": [
        \\"kms:Decrypt\\",
        \\"kms:DescribeKey\\",
        \\"kms:Encrypt\\",
        \\"kms:ReEncrypt*\\",
        \\"kms:GenerateDataKey*\\"
       ],
       \\"Effect\\": \\"Allow\\",
       \\"Resource\\": {
        \\"Fn::GetAtt\\": [
         \\"ApplicationPipelineArtifactsBucketEncryptionKeyA1456BAF\\",
         \\"Arn\\"
        ]
       }
      },
      {
       \\"Action\\": [
        \\"kms:Decrypt\\",
        \\"kms:Encrypt\\",
        \\"kms:ReEncrypt*\\",
        \\"kms:GenerateDataKey*\\"
       ],
       \\"Effect\\": \\"Allow\\",
       \\"Resource\\": {
        \\"Fn::GetAtt\\": [
         \\"ApplicationPipelineArtifactsBucketEncryptionKeyA1456BAF\\",
         \\"Arn\\"
        ]
       }
      }
     ],
     \\"Version\\": \\"2012-10-17\\"
    },
    \\"PolicyName\\": \\"ApplicationPipelineBuildSynthCdkBuildProjectRoleDefaultPolicyF8AC335E\\",
    \\"Roles\\": [
     {
      \\"Ref\\": \\"ApplicationPipelineBuildSynthCdkBuildProjectRoleC9663957\\"
     }
    ]
   },
   \\"Metadata\\": {
    \\"aws:cdk:path\\": \\"PipelineStack/ApplicationPipeline/Pipeline/Build/Synth/CdkBuildProject/Role/DefaultPolicy/Resource\\"
   }
  },
  \\"ApplicationPipelineBuildSynthCdkBuildProject5CE66381\\": {
   \\"Type\\": \\"AWS::CodeBuild::Project\\",
   \\"Properties\\": {
    \\"Artifacts\\": {
     \\"Type\\": \\"CODEPIPELINE\\"
    },
    \\"Environment\\": {
     \\"ComputeType\\": \\"BUILD_GENERAL1_SMALL\\",
     \\"Image\\": \\"aws/codebuild/standard:5.0\\",
     \\"ImagePullCredentialsType\\": \\"CODEBUILD\\",
     \\"PrivilegedMode\\": false,
     \\"Type\\": \\"LINUX_CONTAINER\\"
    },
    \\"ServiceRole\\": {
     \\"Fn::GetAtt\\": [
      \\"ApplicationPipelineBuildSynthCdkBuildProjectRoleC9663957\\",
      \\"Arn\\"
     ]
    },
    \\"Source\\": {
     \\"BuildSpec\\": \\"{\\\\n  \\\\\\"version\\\\\\": \\\\\\"0.2\\\\\\",\\\\n  \\\\\\"phases\\\\\\": {\\\\n    \\\\\\"install\\\\\\": {\\\\n      \\\\\\"commands\\\\\\": [\\\\n        \\\\\\"yarn install --frozen-lockfile\\\\\\"\\\\n      ]\\\\n    },\\\\n    \\\\\\"build\\\\\\": {\\\\n      \\\\\\"commands\\\\\\": [\\\\n        \\\\\\"npx nx run-many --target=build --all\\\\\\"\\\\n      ]\\\\n    }\\\\n  },\\\\n  \\\\\\"artifacts\\\\\\": {\\\\n    \\\\\\"secondary-artifacts\\\\\\": {\\\\n      \\\\\\"Synth_Output\\\\\\": {\\\\n        \\\\\\"base-directory\\\\\\": \\\\\\"packages/infra/cdk.out\\\\\\",\\\\n        \\\\\\"files\\\\\\": \\\\\\"**/*\\\\\\"\\\\n      },\\\\n      \\\\\\"Synth__\\\\\\": {\\\\n        \\\\\\"base-directory\\\\\\": \\\\\\".\\\\\\",\\\\n        \\\\\\"files\\\\\\": \\\\\\"**/*\\\\\\"\\\\n      }\\\\n    }\\\\n  }\\\\n}\\",
     \\"Type\\": \\"CODEPIPELINE\\"
    },
    \\"Cache\\": {
     \\"Type\\": \\"NO_CACHE\\"
    },
    \\"Description\\": \\"Pipeline step PipelineStack/Pipeline/Build/Synth\\",
    \\"EncryptionKey\\": {
     \\"Fn::GetAtt\\": [
      \\"ApplicationPipelineArtifactsBucketEncryptionKeyA1456BAF\\",
      \\"Arn\\"
     ]
    }
   },
   \\"Metadata\\": {
    \\"aws:cdk:path\\": \\"PipelineStack/ApplicationPipeline/Pipeline/Build/Synth/CdkBuildProject/Resource\\"
   }
  },
  \\"ApplicationPipelineBuildSynthCodePipelineActionRoleBDCC8F46\\": {
   \\"Type\\": \\"AWS::IAM::Role\\",
   \\"Properties\\": {
    \\"AssumeRolePolicyDocument\\": {
     \\"Statement\\": [
      {
       \\"Action\\": \\"sts:AssumeRole\\",
       \\"Effect\\": \\"Allow\\",
       \\"Principal\\": {
        \\"AWS\\": {
         \\"Fn::Join\\": [
          \\"\\",
          [
           \\"arn:\\",
           {
            \\"Ref\\": \\"AWS::Partition\\"
           },
           \\":iam::780623879521:root\\"
          ]
         ]
        }
       }
      }
     ],
     \\"Version\\": \\"2012-10-17\\"
    }
   },
   \\"Metadata\\": {
    \\"aws:cdk:path\\": \\"PipelineStack/ApplicationPipeline/Pipeline/Build/Synth/CodePipelineActionRole/Resource\\"
   }
  },
  \\"ApplicationPipelineBuildSynthCodePipelineActionRoleDefaultPolicy619D502A\\": {
   \\"Type\\": \\"AWS::IAM::Policy\\",
   \\"Properties\\": {
    \\"PolicyDocument\\": {
     \\"Statement\\": [
      {
       \\"Action\\": [
        \\"codebuild:BatchGetBuilds\\",
        \\"codebuild:StartBuild\\",
        \\"codebuild:StopBuild\\"
       ],
       \\"Effect\\": \\"Allow\\",
       \\"Resource\\": {
        \\"Fn::GetAtt\\": [
         \\"ApplicationPipelineBuildSynthCdkBuildProject5CE66381\\",
         \\"Arn\\"
        ]
       }
      }
     ],
     \\"Version\\": \\"2012-10-17\\"
    },
    \\"PolicyName\\": \\"ApplicationPipelineBuildSynthCodePipelineActionRoleDefaultPolicy619D502A\\",
    \\"Roles\\": [
     {
      \\"Ref\\": \\"ApplicationPipelineBuildSynthCodePipelineActionRoleBDCC8F46\\"
     }
    ]
   },
   \\"Metadata\\": {
    \\"aws:cdk:path\\": \\"PipelineStack/ApplicationPipeline/Pipeline/Build/Synth/CodePipelineActionRole/DefaultPolicy/Resource\\"
   }
  },
  \\"ApplicationPipelineUpdatePipelineSelfMutateCodePipelineActionRoleDAB6E268\\": {
   \\"Type\\": \\"AWS::IAM::Role\\",
   \\"Properties\\": {
    \\"AssumeRolePolicyDocument\\": {
     \\"Statement\\": [
      {
       \\"Action\\": \\"sts:AssumeRole\\",
       \\"Effect\\": \\"Allow\\",
       \\"Principal\\": {
        \\"AWS\\": {
         \\"Fn::Join\\": [
          \\"\\",
          [
           \\"arn:\\",
           {
            \\"Ref\\": \\"AWS::Partition\\"
           },
           \\":iam::780623879521:root\\"
          ]
         ]
        }
       }
      }
     ],
     \\"Version\\": \\"2012-10-17\\"
    }
   },
   \\"Metadata\\": {
    \\"aws:cdk:path\\": \\"PipelineStack/ApplicationPipeline/Pipeline/UpdatePipeline/SelfMutate/CodePipelineActionRole/Resource\\"
   }
  },
  \\"ApplicationPipelineUpdatePipelineSelfMutateCodePipelineActionRoleDefaultPolicy50395AF4\\": {
   \\"Type\\": \\"AWS::IAM::Policy\\",
   \\"Properties\\": {
    \\"PolicyDocument\\": {
     \\"Statement\\": [
      {
       \\"Action\\": [
        \\"codebuild:BatchGetBuilds\\",
        \\"codebuild:StartBuild\\",
        \\"codebuild:StopBuild\\"
       ],
       \\"Effect\\": \\"Allow\\",
       \\"Resource\\": {
        \\"Fn::GetAtt\\": [
         \\"ApplicationPipelineUpdatePipelineSelfMutation36D37AA8\\",
         \\"Arn\\"
        ]
       }
      }
     ],
     \\"Version\\": \\"2012-10-17\\"
    },
    \\"PolicyName\\": \\"ApplicationPipelineUpdatePipelineSelfMutateCodePipelineActionRoleDefaultPolicy50395AF4\\",
    \\"Roles\\": [
     {
      \\"Ref\\": \\"ApplicationPipelineUpdatePipelineSelfMutateCodePipelineActionRoleDAB6E268\\"
     }
    ]
   },
   \\"Metadata\\": {
    \\"aws:cdk:path\\": \\"PipelineStack/ApplicationPipeline/Pipeline/UpdatePipeline/SelfMutate/CodePipelineActionRole/DefaultPolicy/Resource\\"
   }
  },
  \\"ApplicationPipelineUpdatePipelineSelfMutationRole59A20D82\\": {
   \\"Type\\": \\"AWS::IAM::Role\\",
   \\"Properties\\": {
    \\"AssumeRolePolicyDocument\\": {
     \\"Statement\\": [
      {
       \\"Action\\": \\"sts:AssumeRole\\",
       \\"Effect\\": \\"Allow\\",
       \\"Principal\\": {
        \\"Service\\": \\"codebuild.amazonaws.com\\"
       }
      }
     ],
     \\"Version\\": \\"2012-10-17\\"
    }
   },
   \\"Metadata\\": {
    \\"aws:cdk:path\\": \\"PipelineStack/ApplicationPipeline/UpdatePipeline/SelfMutation/Role/Resource\\"
   }
  },
  \\"ApplicationPipelineUpdatePipelineSelfMutationRoleDefaultPolicy88A56583\\": {
   \\"Type\\": \\"AWS::IAM::Policy\\",
   \\"Properties\\": {
    \\"PolicyDocument\\": {
     \\"Statement\\": [
      {
       \\"Action\\": [
        \\"logs:CreateLogGroup\\",
        \\"logs:CreateLogStream\\",
        \\"logs:PutLogEvents\\"
       ],
       \\"Effect\\": \\"Allow\\",
       \\"Resource\\": [
        {
         \\"Fn::Join\\": [
          \\"\\",
          [
           \\"arn:\\",
           {
            \\"Ref\\": \\"AWS::Partition\\"
           },
           \\":logs:us-west-2:780623879521:log-group:/aws/codebuild/\\",
           {
            \\"Ref\\": \\"ApplicationPipelineUpdatePipelineSelfMutation36D37AA8\\"
           }
          ]
         ]
        },
        {
         \\"Fn::Join\\": [
          \\"\\",
          [
           \\"arn:\\",
           {
            \\"Ref\\": \\"AWS::Partition\\"
           },
           \\":logs:us-west-2:780623879521:log-group:/aws/codebuild/\\",
           {
            \\"Ref\\": \\"ApplicationPipelineUpdatePipelineSelfMutation36D37AA8\\"
           },
           \\":*\\"
          ]
         ]
        }
       ]
      },
      {
       \\"Action\\": [
        \\"codebuild:CreateReportGroup\\",
        \\"codebuild:CreateReport\\",
        \\"codebuild:UpdateReport\\",
        \\"codebuild:BatchPutTestCases\\",
        \\"codebuild:BatchPutCodeCoverages\\"
       ],
       \\"Effect\\": \\"Allow\\",
       \\"Resource\\": {
        \\"Fn::Join\\": [
         \\"\\",
         [
          \\"arn:\\",
          {
           \\"Ref\\": \\"AWS::Partition\\"
          },
          \\":codebuild:us-west-2:780623879521:report-group/\\",
          {
           \\"Ref\\": \\"ApplicationPipelineUpdatePipelineSelfMutation36D37AA8\\"
          },
          \\"-*\\"
         ]
        ]
       }
      },
      {
       \\"Action\\": \\"sts:AssumeRole\\",
       \\"Condition\\": {
        \\"ForAnyValue:StringEquals\\": {
         \\"iam:ResourceTag/aws-cdk:bootstrap-role\\": [
          \\"image-publishing\\",
          \\"file-publishing\\",
          \\"deploy\\"
         ]
        }
       },
       \\"Effect\\": \\"Allow\\",
       \\"Resource\\": \\"arn:*:iam::780623879521:role/*\\"
      },
      {
       \\"Action\\": \\"cloudformation:DescribeStacks\\",
       \\"Effect\\": \\"Allow\\",
       \\"Resource\\": \\"*\\"
      },
      {
       \\"Action\\": \\"s3:ListBucket\\",
       \\"Effect\\": \\"Allow\\",
       \\"Resource\\": \\"*\\"
      },
      {
       \\"Action\\": [
        \\"s3:GetObject*\\",
        \\"s3:GetBucket*\\",
        \\"s3:List*\\"
       ],
       \\"Effect\\": \\"Allow\\",
       \\"Resource\\": [
        {
         \\"Fn::GetAtt\\": [
          \\"ApplicationPipelineArtifactsBucket4027023B\\",
          \\"Arn\\"
         ]
        },
        {
         \\"Fn::Join\\": [
          \\"\\",
          [
           {
            \\"Fn::GetAtt\\": [
             \\"ApplicationPipelineArtifactsBucket4027023B\\",
             \\"Arn\\"
            ]
           },
           \\"/*\\"
          ]
         ]
        }
       ]
      },
      {
       \\"Action\\": [
        \\"kms:Decrypt\\",
        \\"kms:DescribeKey\\"
       ],
       \\"Effect\\": \\"Allow\\",
       \\"Resource\\": {
        \\"Fn::GetAtt\\": [
         \\"ApplicationPipelineArtifactsBucketEncryptionKeyA1456BAF\\",
         \\"Arn\\"
        ]
       }
      },
      {
       \\"Action\\": [
        \\"kms:Decrypt\\",
        \\"kms:Encrypt\\",
        \\"kms:ReEncrypt*\\",
        \\"kms:GenerateDataKey*\\"
       ],
       \\"Effect\\": \\"Allow\\",
       \\"Resource\\": {
        \\"Fn::GetAtt\\": [
         \\"ApplicationPipelineArtifactsBucketEncryptionKeyA1456BAF\\",
         \\"Arn\\"
        ]
       }
      }
     ],
     \\"Version\\": \\"2012-10-17\\"
    },
    \\"PolicyName\\": \\"ApplicationPipelineUpdatePipelineSelfMutationRoleDefaultPolicy88A56583\\",
    \\"Roles\\": [
     {
      \\"Ref\\": \\"ApplicationPipelineUpdatePipelineSelfMutationRole59A20D82\\"
     }
    ]
   },
   \\"Metadata\\": {
    \\"aws:cdk:path\\": \\"PipelineStack/ApplicationPipeline/UpdatePipeline/SelfMutation/Role/DefaultPolicy/Resource\\"
   }
  },
  \\"ApplicationPipelineUpdatePipelineSelfMutation36D37AA8\\": {
   \\"Type\\": \\"AWS::CodeBuild::Project\\",
   \\"Properties\\": {
    \\"Artifacts\\": {
     \\"Type\\": \\"CODEPIPELINE\\"
    },
    \\"Environment\\": {
     \\"ComputeType\\": \\"BUILD_GENERAL1_SMALL\\",
     \\"Image\\": \\"aws/codebuild/standard:5.0\\",
     \\"ImagePullCredentialsType\\": \\"CODEBUILD\\",
     \\"PrivilegedMode\\": false,
     \\"Type\\": \\"LINUX_CONTAINER\\"
    },
    \\"ServiceRole\\": {
     \\"Fn::GetAtt\\": [
      \\"ApplicationPipelineUpdatePipelineSelfMutationRole59A20D82\\",
      \\"Arn\\"
     ]
    },
    \\"Source\\": {
     \\"BuildSpec\\": \\"{\\\\n  \\\\\\"version\\\\\\": \\\\\\"0.2\\\\\\",\\\\n  \\\\\\"phases\\\\\\": {\\\\n    \\\\\\"install\\\\\\": {\\\\n      \\\\\\"commands\\\\\\": [\\\\n        \\\\\\"npm install -g aws-cdk@2\\\\\\"\\\\n      ]\\\\n    },\\\\n    \\\\\\"build\\\\\\": {\\\\n      \\\\\\"commands\\\\\\": [\\\\n        \\\\\\"cdk -a . deploy PipelineStack --require-approval=never --verbose\\\\\\"\\\\n      ]\\\\n    }\\\\n  }\\\\n}\\",
     \\"Type\\": \\"CODEPIPELINE\\"
    },
    \\"Cache\\": {
     \\"Type\\": \\"NO_CACHE\\"
    },
    \\"Description\\": \\"Pipeline step PipelineStack/Pipeline/UpdatePipeline/SelfMutate\\",
    \\"EncryptionKey\\": {
     \\"Fn::GetAtt\\": [
      \\"ApplicationPipelineArtifactsBucketEncryptionKeyA1456BAF\\",
      \\"Arn\\"
     ]
    }
   },
   \\"Metadata\\": {
    \\"aws:cdk:path\\": \\"PipelineStack/ApplicationPipeline/UpdatePipeline/SelfMutation/Resource\\"
   }
  },
  \\"CDKMetadata\\": {
   \\"Type\\": \\"AWS::CDK::Metadata\\",
   \\"Properties\\": {
    \\"Analytics\\": \\"v2:deflate64:H4sIAAAAAAAA/0VPS27CMBA9C/vJ0AAXoN21i0bpAZBxptIQO45iG4Qs3x1/grJ6n3kzfj7g4YTtTjxsI4exUXzF8OeEHCFZlyDNQNJozQ5DT7Ox7MzyhK//aVMR6E6TsynhFZVZwgh5d+aZFE+EoVtZnr95hFGntR8qFzOcFQubRSER7BHDp5cjuWyurEJnFMvnZlcdgYVOTczaJOOWfGdytatnNWy9usXcSJZnVhoj9GSNX2Q59evd7F39enUjfIu72LctfmB72t0sc7P4ybEm7Cu+AFbTZMBfAQAA\\"
   },
   \\"Metadata\\": {
    \\"aws:cdk:path\\": \\"PipelineStack/CDKMetadata/Default\\"
   }
  }
 },
 \\"Outputs\\": {
  \\"CodeRepositoryGRCUrl\\": {
   \\"Value\\": {
    \\"Fn::Join\\": [
     \\"\\",
     [
      \\"codecommit::us-west-2://\\",
      {
       \\"Fn::GetAtt\\": [
        \\"CodeRepositoryBA42F94A\\",
        \\"Name\\"
       ]
      }
     ]
    ]
   },
   \\"Export\\": {
    \\"Name\\": \\"CodeRepositoryGRCUrl\\"
   }
  }
 },
 \\"Parameters\\": {
  \\"BootstrapVersion\\": {
   \\"Type\\": \\"AWS::SSM::Parameter::Value<String>\\",
   \\"Default\\": \\"/cdk-bootstrap/hnb659fds/version\\",
   \\"Description\\": \\"Version of the CDK Bootstrap resources in this environment, automatically retrieved from SSM Parameter Store. [cdk:skip]\\"
  }
 },
 \\"Rules\\": {
  \\"CheckBootstrapVersion\\": {
   \\"Assertions\\": [
    {
     \\"Assert\\": {
      \\"Fn::Not\\": [
       {
        \\"Fn::Contains\\": [
         [
          \\"1\\",
          \\"2\\",
          \\"3\\",
          \\"4\\",
          \\"5\\"
         ],
         {
          \\"Ref\\": \\"BootstrapVersion\\"
         }
        ]
       }
      ]
     },
     \\"AssertDescription\\": \\"CDK bootstrap stack version 6 required. Please run 'cdk bootstrap' with a recent version of the CDK CLI.\\"
    }
   ]
  }
 }
}",
  "./cdk.out/assembly-Dev/DevMyAplicationBF4ABE64.template.json": "{
 \\"Resources\\": {
  \\"CDKMetadata\\": {
   \\"Type\\": \\"AWS::CDK::Metadata\\",
   \\"Properties\\": {
    \\"Analytics\\": \\"v2:deflate64:H4sIAAAAAAAA/zPSMzLRM1RMLC/WTU7J1s3JTNKrDi5JTM7WcU7LC0otzi8tSk6t1fFKLEvUNzTUM9AzNFHMKs7M1C0qzSvJzE3VC4LQAIznvnRIAAAA\\"
   },
   \\"Metadata\\": {
    \\"aws:cdk:path\\": \\"Dev/MyAplication/CDKMetadata/Default\\"
   }
  }
 },
 \\"Parameters\\": {
  \\"BootstrapVersion\\": {
   \\"Type\\": \\"AWS::SSM::Parameter::Value<String>\\",
   \\"Default\\": \\"/cdk-bootstrap/hnb659fds/version\\",
   \\"Description\\": \\"Version of the CDK Bootstrap resources in this environment, automatically retrieved from SSM Parameter Store. [cdk:skip]\\"
  }
 },
 \\"Rules\\": {
  \\"CheckBootstrapVersion\\": {
   \\"Assertions\\": [
    {
     \\"Assert\\": {
      \\"Fn::Not\\": [
       {
        \\"Fn::Contains\\": [
         [
          \\"1\\",
          \\"2\\",
          \\"3\\",
          \\"4\\",
          \\"5\\"
         ],
         {
          \\"Ref\\": \\"BootstrapVersion\\"
         }
        ]
       }
      ]
     },
     \\"AssertDescription\\": \\"CDK bootstrap stack version 6 required. Please run 'cdk bootstrap' with a recent version of the CDK CLI.\\"
    }
   ]
  }
 }
}",
}
`;
