// Jest Snapshot v1, https://goo.gl/fbAQLP

exports[`Snapshot 1`] = `
Object {
  "Outputs": Object {
    "ApplicationPipelineCodeRepositoryGRCUrl52F51C17": Object {
      "Value": Object {
        "Fn::Join": Array [
          "",
          Array [
            "codecommit::",
            Object {
              "Ref": "AWS::Region",
            },
            "://",
            Object {
              "Fn::GetAtt": Array [
                "ApplicationPipelineCodeRepositoryA734F3FA",
                "Name",
              ],
            },
          ],
        ],
      },
    },
  },
  "Parameters": Object {
    "BootstrapVersion": Object {
      "Default": "/cdk-bootstrap/hnb659fds/version",
      "Description": "Version of the CDK Bootstrap resources in this environment, automatically retrieved from SSM Parameter Store. [cdk:skip]",
      "Type": "AWS::SSM::Parameter::Value<String>",
    },
  },
  "Resources": Object {
    "ApplicationPipelineAccessLogsBucketAFC4E2E4": Object {
      "DeletionPolicy": "Delete",
      "Properties": Object {
        "BucketEncryption": Object {
          "ServerSideEncryptionConfiguration": Array [
            Object {
              "ServerSideEncryptionByDefault": Object {
                "SSEAlgorithm": "AES256",
              },
            },
          ],
        },
        "OwnershipControls": Object {
          "Rules": Array [
            Object {
              "ObjectOwnership": "ObjectWriter",
            },
          ],
        },
        "PublicAccessBlockConfiguration": Object {
          "BlockPublicAcls": true,
          "BlockPublicPolicy": true,
          "IgnorePublicAcls": true,
          "RestrictPublicBuckets": true,
        },
        "Tags": Array [
          Object {
            "Key": "aws-cdk:auto-delete-objects",
            "Value": "true",
          },
        ],
      },
      "Type": "AWS::S3::Bucket",
      "UpdateReplacePolicy": "Delete",
    },
    "ApplicationPipelineAccessLogsBucketAutoDeleteObjectsCustomResource86C84D8B": Object {
      "DeletionPolicy": "Delete",
      "DependsOn": Array [
        "ApplicationPipelineAccessLogsBucketPolicy9D7CCAB8",
      ],
      "Properties": Object {
        "BucketName": Object {
          "Ref": "ApplicationPipelineAccessLogsBucketAFC4E2E4",
        },
        "ServiceToken": Object {
          "Fn::GetAtt": Array [
            "CustomS3AutoDeleteObjectsCustomResourceProviderHandler9D90184F",
            "Arn",
          ],
        },
      },
      "Type": "Custom::S3AutoDeleteObjects",
      "UpdateReplacePolicy": "Delete",
    },
    "ApplicationPipelineAccessLogsBucketPolicy9D7CCAB8": Object {
      "Properties": Object {
        "Bucket": Object {
          "Ref": "ApplicationPipelineAccessLogsBucketAFC4E2E4",
        },
        "PolicyDocument": Object {
          "Statement": Array [
            Object {
              "Action": "s3:*",
              "Condition": Object {
                "Bool": Object {
                  "aws:SecureTransport": "false",
                },
              },
              "Effect": "Deny",
              "Principal": Object {
                "AWS": "*",
              },
              "Resource": Array [
                Object {
                  "Fn::GetAtt": Array [
                    "ApplicationPipelineAccessLogsBucketAFC4E2E4",
                    "Arn",
                  ],
                },
                Object {
                  "Fn::Join": Array [
                    "",
                    Array [
                      Object {
                        "Fn::GetAtt": Array [
                          "ApplicationPipelineAccessLogsBucketAFC4E2E4",
                          "Arn",
                        ],
                      },
                      "/*",
                    ],
                  ],
                },
              ],
            },
            Object {
              "Action": Array [
                "s3:GetBucket*",
                "s3:List*",
                "s3:DeleteObject*",
              ],
              "Effect": "Allow",
              "Principal": Object {
                "AWS": Object {
                  "Fn::GetAtt": Array [
                    "CustomS3AutoDeleteObjectsCustomResourceProviderRole3B1BD092",
                    "Arn",
                  ],
                },
              },
              "Resource": Array [
                Object {
                  "Fn::GetAtt": Array [
                    "ApplicationPipelineAccessLogsBucketAFC4E2E4",
                    "Arn",
                  ],
                },
                Object {
                  "Fn::Join": Array [
                    "",
                    Array [
                      Object {
                        "Fn::GetAtt": Array [
                          "ApplicationPipelineAccessLogsBucketAFC4E2E4",
                          "Arn",
                        ],
                      },
                      "/*",
                    ],
                  ],
                },
              ],
            },
            Object {
              "Action": "s3:PutObject",
              "Condition": Object {
                "ArnLike": Object {
                  "aws:SourceArn": Object {
                    "Fn::GetAtt": Array [
                      "ApplicationPipelineArtifactsBucketD6B45A16",
                      "Arn",
                    ],
                  },
                },
                "StringEquals": Object {
                  "aws:SourceAccount": Object {
                    "Ref": "AWS::AccountId",
                  },
                },
              },
              "Effect": "Allow",
              "Principal": Object {
                "Service": "logging.s3.amazonaws.com",
              },
              "Resource": Object {
                "Fn::Join": Array [
                  "",
                  Array [
                    Object {
                      "Fn::GetAtt": Array [
                        "ApplicationPipelineAccessLogsBucketAFC4E2E4",
                        "Arn",
                      ],
                    },
                    "/access-logs*",
                  ],
                ],
              },
            },
          ],
          "Version": "2012-10-17",
        },
      },
      "Type": "AWS::S3::BucketPolicy",
    },
    "ApplicationPipelineArtifactKey284E3A3C": Object {
      "DeletionPolicy": "Delete",
      "Properties": Object {
        "EnableKeyRotation": true,
        "KeyPolicy": Object {
          "Statement": Array [
            Object {
              "Action": "kms:*",
              "Effect": "Allow",
              "Principal": Object {
                "AWS": Object {
                  "Fn::Join": Array [
                    "",
                    Array [
                      "arn:",
                      Object {
                        "Ref": "AWS::Partition",
                      },
                      ":iam::",
                      Object {
                        "Ref": "AWS::AccountId",
                      },
                      ":root",
                    ],
                  ],
                },
              },
              "Resource": "*",
            },
          ],
          "Version": "2012-10-17",
        },
      },
      "Type": "AWS::KMS::Key",
      "UpdateReplacePolicy": "Delete",
    },
    "ApplicationPipelineArtifactsBucketAutoDeleteObjectsCustomResource349BB700": Object {
      "DeletionPolicy": "Delete",
      "DependsOn": Array [
        "ApplicationPipelineArtifactsBucketPolicy0F22EB48",
      ],
      "Properties": Object {
        "BucketName": Object {
          "Ref": "ApplicationPipelineArtifactsBucketD6B45A16",
        },
        "ServiceToken": Object {
          "Fn::GetAtt": Array [
            "CustomS3AutoDeleteObjectsCustomResourceProviderHandler9D90184F",
            "Arn",
          ],
        },
      },
      "Type": "Custom::S3AutoDeleteObjects",
      "UpdateReplacePolicy": "Delete",
    },
    "ApplicationPipelineArtifactsBucketD6B45A16": Object {
      "DeletionPolicy": "Delete",
      "Properties": Object {
        "BucketEncryption": Object {
          "ServerSideEncryptionConfiguration": Array [
            Object {
              "ServerSideEncryptionByDefault": Object {
                "KMSMasterKeyID": Object {
                  "Fn::GetAtt": Array [
                    "ApplicationPipelineArtifactKey284E3A3C",
                    "Arn",
                  ],
                },
                "SSEAlgorithm": "aws:kms",
              },
            },
          ],
        },
        "LoggingConfiguration": Object {
          "DestinationBucketName": Object {
            "Ref": "ApplicationPipelineAccessLogsBucketAFC4E2E4",
          },
          "LogFilePrefix": "access-logs",
        },
        "OwnershipControls": Object {
          "Rules": Array [
            Object {
              "ObjectOwnership": "BucketOwnerEnforced",
            },
          ],
        },
        "PublicAccessBlockConfiguration": Object {
          "BlockPublicAcls": true,
          "BlockPublicPolicy": true,
          "IgnorePublicAcls": true,
          "RestrictPublicBuckets": true,
        },
        "Tags": Array [
          Object {
            "Key": "aws-cdk:auto-delete-objects",
            "Value": "true",
          },
        ],
      },
      "Type": "AWS::S3::Bucket",
      "UpdateReplacePolicy": "Delete",
    },
    "ApplicationPipelineArtifactsBucketPolicy0F22EB48": Object {
      "Properties": Object {
        "Bucket": Object {
          "Ref": "ApplicationPipelineArtifactsBucketD6B45A16",
        },
        "PolicyDocument": Object {
          "Statement": Array [
            Object {
              "Action": "s3:*",
              "Condition": Object {
                "Bool": Object {
                  "aws:SecureTransport": "false",
                },
              },
              "Effect": "Deny",
              "Principal": Object {
                "AWS": "*",
              },
              "Resource": Array [
                Object {
                  "Fn::GetAtt": Array [
                    "ApplicationPipelineArtifactsBucketD6B45A16",
                    "Arn",
                  ],
                },
                Object {
                  "Fn::Join": Array [
                    "",
                    Array [
                      Object {
                        "Fn::GetAtt": Array [
                          "ApplicationPipelineArtifactsBucketD6B45A16",
                          "Arn",
                        ],
                      },
                      "/*",
                    ],
                  ],
                },
              ],
            },
            Object {
              "Action": Array [
                "s3:GetBucket*",
                "s3:List*",
                "s3:DeleteObject*",
              ],
              "Effect": "Allow",
              "Principal": Object {
                "AWS": Object {
                  "Fn::GetAtt": Array [
                    "CustomS3AutoDeleteObjectsCustomResourceProviderRole3B1BD092",
                    "Arn",
                  ],
                },
              },
              "Resource": Array [
                Object {
                  "Fn::GetAtt": Array [
                    "ApplicationPipelineArtifactsBucketD6B45A16",
                    "Arn",
                  ],
                },
                Object {
                  "Fn::Join": Array [
                    "",
                    Array [
                      Object {
                        "Fn::GetAtt": Array [
                          "ApplicationPipelineArtifactsBucketD6B45A16",
                          "Arn",
                        ],
                      },
                      "/*",
                    ],
                  ],
                },
              ],
            },
          ],
          "Version": "2012-10-17",
        },
      },
      "Type": "AWS::S3::BucketPolicy",
    },
    "ApplicationPipelineCodeBuildActionRole98AD1444": Object {
      "Properties": Object {
        "AssumeRolePolicyDocument": Object {
          "Statement": Array [
            Object {
              "Action": "sts:AssumeRole",
              "Condition": Object {
                "Bool": Object {
                  "aws:ViaAWSService": "codepipeline.amazonaws.com",
                },
              },
              "Effect": "Allow",
              "Principal": Object {
                "AWS": Object {
                  "Fn::Join": Array [
                    "",
                    Array [
                      "arn:",
                      Object {
                        "Ref": "AWS::Partition",
                      },
                      ":iam::",
                      Object {
                        "Ref": "AWS::AccountId",
                      },
                      ":root",
                    ],
                  ],
                },
              },
            },
          ],
          "Version": "2012-10-17",
        },
      },
      "Type": "AWS::IAM::Role",
    },
    "ApplicationPipelineCodeBuildActionRoleDefaultPolicyFE7AFEF3": Object {
      "Properties": Object {
        "PolicyDocument": Object {
          "Statement": Array [
            Object {
              "Action": Array [
                "codebuild:BatchGetBuilds",
                "codebuild:StartBuild",
                "codebuild:StopBuild",
              ],
              "Effect": "Allow",
              "Resource": Object {
                "Fn::GetAtt": Array [
                  "ApplicationPipelineCodePipelineBuildSynthCdkBuildProjectEE7ED66A",
                  "Arn",
                ],
              },
            },
            Object {
              "Action": Array [
                "codebuild:BatchGetBuilds",
                "codebuild:StartBuild",
                "codebuild:StopBuild",
              ],
              "Effect": "Allow",
              "Resource": Object {
                "Fn::GetAtt": Array [
                  "ApplicationPipelineUpdatePipelineSelfMutation66D95DA8",
                  "Arn",
                ],
              },
            },
          ],
          "Version": "2012-10-17",
        },
        "PolicyName": "ApplicationPipelineCodeBuildActionRoleDefaultPolicyFE7AFEF3",
        "Roles": Array [
          Object {
            "Ref": "ApplicationPipelineCodeBuildActionRole98AD1444",
          },
        ],
      },
      "Type": "AWS::IAM::Policy",
    },
    "ApplicationPipelineCodePipeline92ED701F": Object {
      "DependsOn": Array [
        "ApplicationPipelineCodePipelineRoleDefaultPolicy02E04067",
        "ApplicationPipelineCodePipelineRole53E5791D",
      ],
      "Properties": Object {
        "ArtifactStore": Object {
          "EncryptionKey": Object {
            "Id": Object {
              "Fn::GetAtt": Array [
                "ApplicationPipelineArtifactKey284E3A3C",
                "Arn",
              ],
            },
            "Type": "KMS",
          },
          "Location": Object {
            "Ref": "ApplicationPipelineArtifactsBucketD6B45A16",
          },
          "Type": "S3",
        },
        "RestartExecutionOnUpdate": true,
        "RoleArn": Object {
          "Fn::GetAtt": Array [
            "ApplicationPipelineCodePipelineRole53E5791D",
            "Arn",
          ],
        },
        "Stages": Array [
          Object {
            "Actions": Array [
              Object {
                "ActionTypeId": Object {
                  "Category": "Source",
                  "Owner": "AWS",
                  "Provider": "CodeCommit",
                  "Version": "1",
                },
                "Configuration": Object {
                  "BranchName": "mainline",
                  "PollForSourceChanges": false,
                  "RepositoryName": Object {
                    "Fn::GetAtt": Array [
                      "ApplicationPipelineCodeRepositoryA734F3FA",
                      "Name",
                    ],
                  },
                },
                "Name": Object {
                  "Fn::GetAtt": Array [
                    "ApplicationPipelineCodeRepositoryA734F3FA",
                    "Name",
                  ],
                },
                "OutputArtifacts": Array [
                  Object {
                    "Name": "c8dccfc7b4b06e6314cb1dc9e5680d002e559b8933_Source",
                  },
                ],
                "RoleArn": Object {
                  "Fn::GetAtt": Array [
                    "ApplicationPipelineCodePipelineSourceCodeCommitCodePipelineActionRole0900531A",
                    "Arn",
                  ],
                },
                "RunOrder": 1,
              },
            ],
            "Name": "Source",
          },
          Object {
            "Actions": Array [
              Object {
                "ActionTypeId": Object {
                  "Category": "Build",
                  "Owner": "AWS",
                  "Provider": "CodeBuild",
                  "Version": "1",
                },
                "Configuration": Object {
                  "EnvironmentVariables": "[{\\"name\\":\\"_PROJECT_CONFIG_HASH\\",\\"type\\":\\"PLAINTEXT\\",\\"value\\":\\"13fb1f6f3f0a665500d00a30e46cf5c67342362be94a9d79d179c2ea7436a504\\"}]",
                  "ProjectName": Object {
                    "Ref": "ApplicationPipelineCodePipelineBuildSynthCdkBuildProjectEE7ED66A",
                  },
                },
                "InputArtifacts": Array [
                  Object {
                    "Name": "c8dccfc7b4b06e6314cb1dc9e5680d002e559b8933_Source",
                  },
                ],
                "Name": "Synth",
                "OutputArtifacts": Array [
                  Object {
                    "Name": "Synth_Output",
                  },
                  Object {
                    "Name": "Synth__",
                  },
                ],
                "RoleArn": Object {
                  "Fn::GetAtt": Array [
                    "ApplicationPipelineCodeBuildActionRole98AD1444",
                    "Arn",
                  ],
                },
                "RunOrder": 1,
              },
            ],
            "Name": "Build",
          },
          Object {
            "Actions": Array [
              Object {
                "ActionTypeId": Object {
                  "Category": "Build",
                  "Owner": "AWS",
                  "Provider": "CodeBuild",
                  "Version": "1",
                },
                "Configuration": Object {
                  "EnvironmentVariables": "[{\\"name\\":\\"_PROJECT_CONFIG_HASH\\",\\"type\\":\\"PLAINTEXT\\",\\"value\\":\\"2e13b99bcda0cb81fc6053cd8a65f303945d49fe774f18ad2c20d178423d9be6\\"}]",
                  "ProjectName": Object {
                    "Ref": "ApplicationPipelineUpdatePipelineSelfMutation66D95DA8",
                  },
                },
                "InputArtifacts": Array [
                  Object {
                    "Name": "Synth_Output",
                  },
                ],
                "Name": "SelfMutate",
                "RoleArn": Object {
                  "Fn::GetAtt": Array [
                    "ApplicationPipelineCodeBuildActionRole98AD1444",
                    "Arn",
                  ],
                },
                "RunOrder": 1,
              },
            ],
            "Name": "UpdatePipeline",
          },
        ],
      },
      "Type": "AWS::CodePipeline::Pipeline",
    },
    "ApplicationPipelineCodePipelineBuildSynthCdkBuildProjectEE7ED66A": Object {
      "Properties": Object {
        "Artifacts": Object {
          "Type": "CODEPIPELINE",
        },
        "Cache": Object {
          "Type": "NO_CACHE",
        },
        "Description": "Pipeline step pipeline-test/CodePipeline/Build/Synth",
        "EncryptionKey": Object {
          "Fn::GetAtt": Array [
            "ApplicationPipelineArtifactKey284E3A3C",
            "Arn",
          ],
        },
        "Environment": Object {
          "ComputeType": "BUILD_GENERAL1_SMALL",
          "Image": "aws/codebuild/standard:6.0",
          "ImagePullCredentialsType": "CODEBUILD",
          "PrivilegedMode": false,
          "Type": "LINUX_CONTAINER",
        },
        "ServiceRole": Object {
          "Fn::GetAtt": Array [
            "ApplicationPipelineCodePipelineBuildSynthCdkBuildProjectRole75D1C6E6",
            "Arn",
          ],
        },
        "Source": Object {
          "BuildSpec": "{
  \\"version\\": \\"0.2\\",
  \\"phases\\": {
    \\"install\\": {
      \\"commands\\": [
        \\"npm install -g aws-cdk\\",
        \\"yarn install --frozen-lockfile || npx projen && yarn install --frozen-lockfile\\"
      ]
    },
    \\"build\\": {
      \\"commands\\": [
        \\"npx nx run-many --target=build --all\\"
      ]
    }
  },
  \\"artifacts\\": {
    \\"secondary-artifacts\\": {
      \\"Synth_Output\\": {
        \\"base-directory\\": \\"packages/infra/cdk.out\\",
        \\"files\\": \\"**/*\\"
      },
      \\"Synth__\\": {
        \\"base-directory\\": \\".\\",
        \\"files\\": \\"**/*\\"
      }
    }
  }
}",
          "Type": "CODEPIPELINE",
        },
      },
      "Type": "AWS::CodeBuild::Project",
    },
    "ApplicationPipelineCodePipelineBuildSynthCdkBuildProjectRole75D1C6E6": Object {
      "Properties": Object {
        "AssumeRolePolicyDocument": Object {
          "Statement": Array [
            Object {
              "Action": "sts:AssumeRole",
              "Effect": "Allow",
              "Principal": Object {
                "Service": "codebuild.amazonaws.com",
              },
            },
          ],
          "Version": "2012-10-17",
        },
      },
      "Type": "AWS::IAM::Role",
    },
    "ApplicationPipelineCodePipelineBuildSynthCdkBuildProjectRoleDefaultPolicy4B9195CC": Object {
      "Properties": Object {
        "PolicyDocument": Object {
          "Statement": Array [
            Object {
              "Action": Array [
                "logs:CreateLogGroup",
                "logs:CreateLogStream",
                "logs:PutLogEvents",
              ],
              "Effect": "Allow",
              "Resource": Array [
                Object {
                  "Fn::Join": Array [
                    "",
                    Array [
                      "arn:",
                      Object {
                        "Ref": "AWS::Partition",
                      },
                      ":logs:",
                      Object {
                        "Ref": "AWS::Region",
                      },
                      ":",
                      Object {
                        "Ref": "AWS::AccountId",
                      },
                      ":log-group:/aws/codebuild/",
                      Object {
                        "Ref": "ApplicationPipelineCodePipelineBuildSynthCdkBuildProjectEE7ED66A",
                      },
                    ],
                  ],
                },
                Object {
                  "Fn::Join": Array [
                    "",
                    Array [
                      "arn:",
                      Object {
                        "Ref": "AWS::Partition",
                      },
                      ":logs:",
                      Object {
                        "Ref": "AWS::Region",
                      },
                      ":",
                      Object {
                        "Ref": "AWS::AccountId",
                      },
                      ":log-group:/aws/codebuild/",
                      Object {
                        "Ref": "ApplicationPipelineCodePipelineBuildSynthCdkBuildProjectEE7ED66A",
                      },
                      ":*",
                    ],
                  ],
                },
              ],
            },
            Object {
              "Action": Array [
                "codebuild:CreateReportGroup",
                "codebuild:CreateReport",
                "codebuild:UpdateReport",
                "codebuild:BatchPutTestCases",
                "codebuild:BatchPutCodeCoverages",
              ],
              "Effect": "Allow",
              "Resource": Object {
                "Fn::Join": Array [
                  "",
                  Array [
                    "arn:",
                    Object {
                      "Ref": "AWS::Partition",
                    },
                    ":codebuild:",
                    Object {
                      "Ref": "AWS::Region",
                    },
                    ":",
                    Object {
                      "Ref": "AWS::AccountId",
                    },
                    ":report-group/",
                    Object {
                      "Ref": "ApplicationPipelineCodePipelineBuildSynthCdkBuildProjectEE7ED66A",
                    },
                    "-*",
                  ],
                ],
              },
            },
            Object {
              "Action": Array [
                "s3:GetObject*",
                "s3:GetBucket*",
                "s3:List*",
                "s3:DeleteObject*",
                "s3:PutObject",
                "s3:PutObjectLegalHold",
                "s3:PutObjectRetention",
                "s3:PutObjectTagging",
                "s3:PutObjectVersionTagging",
                "s3:Abort*",
              ],
              "Effect": "Allow",
              "Resource": Array [
                Object {
                  "Fn::GetAtt": Array [
                    "ApplicationPipelineArtifactsBucketD6B45A16",
                    "Arn",
                  ],
                },
                Object {
                  "Fn::Join": Array [
                    "",
                    Array [
                      Object {
                        "Fn::GetAtt": Array [
                          "ApplicationPipelineArtifactsBucketD6B45A16",
                          "Arn",
                        ],
                      },
                      "/*",
                    ],
                  ],
                },
              ],
            },
            Object {
              "Action": Array [
                "kms:Decrypt",
                "kms:DescribeKey",
                "kms:Encrypt",
                "kms:ReEncrypt*",
                "kms:GenerateDataKey*",
              ],
              "Effect": "Allow",
              "Resource": Object {
                "Fn::GetAtt": Array [
                  "ApplicationPipelineArtifactKey284E3A3C",
                  "Arn",
                ],
              },
            },
            Object {
              "Action": Array [
                "kms:Decrypt",
                "kms:Encrypt",
                "kms:ReEncrypt*",
                "kms:GenerateDataKey*",
              ],
              "Effect": "Allow",
              "Resource": Object {
                "Fn::GetAtt": Array [
                  "ApplicationPipelineArtifactKey284E3A3C",
                  "Arn",
                ],
              },
            },
          ],
          "Version": "2012-10-17",
        },
        "PolicyName": "ApplicationPipelineCodePipelineBuildSynthCdkBuildProjectRoleDefaultPolicy4B9195CC",
        "Roles": Array [
          Object {
            "Ref": "ApplicationPipelineCodePipelineBuildSynthCdkBuildProjectRole75D1C6E6",
          },
        ],
      },
      "Type": "AWS::IAM::Policy",
    },
    "ApplicationPipelineCodePipelineEventsRoleCF718FC7": Object {
      "Properties": Object {
        "AssumeRolePolicyDocument": Object {
          "Statement": Array [
            Object {
              "Action": "sts:AssumeRole",
              "Effect": "Allow",
              "Principal": Object {
                "Service": "events.amazonaws.com",
              },
            },
          ],
          "Version": "2012-10-17",
        },
      },
      "Type": "AWS::IAM::Role",
    },
    "ApplicationPipelineCodePipelineEventsRoleDefaultPolicy4A96451E": Object {
      "Properties": Object {
        "PolicyDocument": Object {
          "Statement": Array [
            Object {
              "Action": "codepipeline:StartPipelineExecution",
              "Effect": "Allow",
              "Resource": Object {
                "Fn::Join": Array [
                  "",
                  Array [
                    "arn:",
                    Object {
                      "Ref": "AWS::Partition",
                    },
                    ":codepipeline:",
                    Object {
                      "Ref": "AWS::Region",
                    },
                    ":",
                    Object {
                      "Ref": "AWS::AccountId",
                    },
                    ":",
                    Object {
                      "Ref": "ApplicationPipelineCodePipeline92ED701F",
                    },
                  ],
                ],
              },
            },
          ],
          "Version": "2012-10-17",
        },
        "PolicyName": "ApplicationPipelineCodePipelineEventsRoleDefaultPolicy4A96451E",
        "Roles": Array [
          Object {
            "Ref": "ApplicationPipelineCodePipelineEventsRoleCF718FC7",
          },
        ],
      },
      "Type": "AWS::IAM::Policy",
    },
    "ApplicationPipelineCodePipelineRole53E5791D": Object {
      "Properties": Object {
        "AssumeRolePolicyDocument": Object {
          "Statement": Array [
            Object {
              "Action": "sts:AssumeRole",
              "Effect": "Allow",
              "Principal": Object {
                "Service": "codepipeline.amazonaws.com",
              },
            },
          ],
          "Version": "2012-10-17",
        },
      },
      "Type": "AWS::IAM::Role",
    },
    "ApplicationPipelineCodePipelineRoleDefaultPolicy02E04067": Object {
      "Properties": Object {
        "PolicyDocument": Object {
          "Statement": Array [
            Object {
              "Action": Array [
                "s3:GetObject*",
                "s3:GetBucket*",
                "s3:List*",
                "s3:DeleteObject*",
                "s3:PutObject",
                "s3:PutObjectLegalHold",
                "s3:PutObjectRetention",
                "s3:PutObjectTagging",
                "s3:PutObjectVersionTagging",
                "s3:Abort*",
              ],
              "Effect": "Allow",
              "Resource": Array [
                Object {
                  "Fn::GetAtt": Array [
                    "ApplicationPipelineArtifactsBucketD6B45A16",
                    "Arn",
                  ],
                },
                Object {
                  "Fn::Join": Array [
                    "",
                    Array [
                      Object {
                        "Fn::GetAtt": Array [
                          "ApplicationPipelineArtifactsBucketD6B45A16",
                          "Arn",
                        ],
                      },
                      "/*",
                    ],
                  ],
                },
              ],
            },
            Object {
              "Action": Array [
                "kms:Decrypt",
                "kms:DescribeKey",
                "kms:Encrypt",
                "kms:ReEncrypt*",
                "kms:GenerateDataKey*",
              ],
              "Effect": "Allow",
              "Resource": Object {
                "Fn::GetAtt": Array [
                  "ApplicationPipelineArtifactKey284E3A3C",
                  "Arn",
                ],
              },
            },
            Object {
              "Action": "sts:AssumeRole",
              "Effect": "Allow",
              "Resource": Object {
                "Fn::GetAtt": Array [
                  "ApplicationPipelineCodePipelineSourceCodeCommitCodePipelineActionRole0900531A",
                  "Arn",
                ],
              },
            },
            Object {
              "Action": "sts:AssumeRole",
              "Effect": "Allow",
              "Resource": Object {
                "Fn::GetAtt": Array [
                  "ApplicationPipelineCodeBuildActionRole98AD1444",
                  "Arn",
                ],
              },
            },
          ],
          "Version": "2012-10-17",
        },
        "PolicyName": "ApplicationPipelineCodePipelineRoleDefaultPolicy02E04067",
        "Roles": Array [
          Object {
            "Ref": "ApplicationPipelineCodePipelineRole53E5791D",
          },
        ],
      },
      "Type": "AWS::IAM::Policy",
    },
    "ApplicationPipelineCodePipelineSourceCodeCommitCodePipelineActionRole0900531A": Object {
      "Properties": Object {
        "AssumeRolePolicyDocument": Object {
          "Statement": Array [
            Object {
              "Action": "sts:AssumeRole",
              "Effect": "Allow",
              "Principal": Object {
                "AWS": Object {
                  "Fn::Join": Array [
                    "",
                    Array [
                      "arn:",
                      Object {
                        "Ref": "AWS::Partition",
                      },
                      ":iam::",
                      Object {
                        "Ref": "AWS::AccountId",
                      },
                      ":root",
                    ],
                  ],
                },
              },
            },
          ],
          "Version": "2012-10-17",
        },
      },
      "Type": "AWS::IAM::Role",
    },
    "ApplicationPipelineCodePipelineSourceCodeCommitCodePipelineActionRoleDefaultPolicyE92AF83A": Object {
      "Properties": Object {
        "PolicyDocument": Object {
          "Statement": Array [
            Object {
              "Action": Array [
                "s3:GetObject*",
                "s3:GetBucket*",
                "s3:List*",
                "s3:DeleteObject*",
                "s3:PutObject",
                "s3:PutObjectLegalHold",
                "s3:PutObjectRetention",
                "s3:PutObjectTagging",
                "s3:PutObjectVersionTagging",
                "s3:Abort*",
              ],
              "Effect": "Allow",
              "Resource": Array [
                Object {
                  "Fn::GetAtt": Array [
                    "ApplicationPipelineArtifactsBucketD6B45A16",
                    "Arn",
                  ],
                },
                Object {
                  "Fn::Join": Array [
                    "",
                    Array [
                      Object {
                        "Fn::GetAtt": Array [
                          "ApplicationPipelineArtifactsBucketD6B45A16",
                          "Arn",
                        ],
                      },
                      "/*",
                    ],
                  ],
                },
              ],
            },
            Object {
              "Action": Array [
                "kms:Decrypt",
                "kms:DescribeKey",
                "kms:Encrypt",
                "kms:ReEncrypt*",
                "kms:GenerateDataKey*",
              ],
              "Effect": "Allow",
              "Resource": Object {
                "Fn::GetAtt": Array [
                  "ApplicationPipelineArtifactKey284E3A3C",
                  "Arn",
                ],
              },
            },
            Object {
              "Action": Array [
                "codecommit:GetBranch",
                "codecommit:GetCommit",
                "codecommit:UploadArchive",
                "codecommit:GetUploadArchiveStatus",
                "codecommit:CancelUploadArchive",
              ],
              "Effect": "Allow",
              "Resource": Object {
                "Fn::GetAtt": Array [
                  "ApplicationPipelineCodeRepositoryA734F3FA",
                  "Arn",
                ],
              },
            },
          ],
          "Version": "2012-10-17",
        },
        "PolicyName": "ApplicationPipelineCodePipelineSourceCodeCommitCodePipelineActionRoleDefaultPolicyE92AF83A",
        "Roles": Array [
          Object {
            "Ref": "ApplicationPipelineCodePipelineSourceCodeCommitCodePipelineActionRole0900531A",
          },
        ],
      },
      "Type": "AWS::IAM::Policy",
    },
    "ApplicationPipelineCodeRepositoryA734F3FA": Object {
      "DeletionPolicy": "Retain",
      "Properties": Object {
        "RepositoryName": "monorepo",
      },
      "Type": "AWS::CodeCommit::Repository",
      "UpdateReplacePolicy": "Retain",
    },
    "ApplicationPipelineCodeRepositorypipelinetestApplicationPipelineCodePipeline31AB4045mainlineEventRule30640423": Object {
      "Properties": Object {
        "EventPattern": Object {
          "detail": Object {
            "event": Array [
              "referenceCreated",
              "referenceUpdated",
            ],
            "referenceName": Array [
              "mainline",
            ],
          },
          "detail-type": Array [
            "CodeCommit Repository State Change",
          ],
          "resources": Array [
            Object {
              "Fn::GetAtt": Array [
                "ApplicationPipelineCodeRepositoryA734F3FA",
                "Arn",
              ],
            },
          ],
          "source": Array [
            "aws.codecommit",
          ],
        },
        "State": "ENABLED",
        "Targets": Array [
          Object {
            "Arn": Object {
              "Fn::Join": Array [
                "",
                Array [
                  "arn:",
                  Object {
                    "Ref": "AWS::Partition",
                  },
                  ":codepipeline:",
                  Object {
                    "Ref": "AWS::Region",
                  },
                  ":",
                  Object {
                    "Ref": "AWS::AccountId",
                  },
                  ":",
                  Object {
                    "Ref": "ApplicationPipelineCodePipeline92ED701F",
                  },
                ],
              ],
            },
            "Id": "Target0",
            "RoleArn": Object {
              "Fn::GetAtt": Array [
                "ApplicationPipelineCodePipelineEventsRoleCF718FC7",
                "Arn",
              ],
            },
          },
        ],
      },
      "Type": "AWS::Events::Rule",
    },
    "ApplicationPipelineUpdatePipelineSelfMutation66D95DA8": Object {
      "Properties": Object {
        "Artifacts": Object {
          "Type": "CODEPIPELINE",
        },
        "Cache": Object {
          "Type": "NO_CACHE",
        },
        "Description": "Pipeline step pipeline-test/CodePipeline/UpdatePipeline/SelfMutate",
        "EncryptionKey": Object {
          "Fn::GetAtt": Array [
            "ApplicationPipelineArtifactKey284E3A3C",
            "Arn",
          ],
        },
        "Environment": Object {
          "ComputeType": "BUILD_GENERAL1_SMALL",
          "Image": "aws/codebuild/standard:6.0",
          "ImagePullCredentialsType": "CODEBUILD",
          "PrivilegedMode": false,
          "Type": "LINUX_CONTAINER",
        },
        "ServiceRole": Object {
          "Fn::GetAtt": Array [
            "ApplicationPipelineUpdatePipelineSelfMutationRoleD476D3E4",
            "Arn",
          ],
        },
        "Source": Object {
          "BuildSpec": "{
  \\"version\\": \\"0.2\\",
  \\"phases\\": {
    \\"install\\": {
      \\"commands\\": [
        \\"npm install -g aws-cdk@2\\"
      ]
    },
    \\"build\\": {
      \\"commands\\": [
        \\"cdk -a . deploy pipeline-test --require-approval=never --verbose\\"
      ]
    }
  }
}",
          "Type": "CODEPIPELINE",
        },
      },
      "Type": "AWS::CodeBuild::Project",
    },
    "ApplicationPipelineUpdatePipelineSelfMutationRoleD476D3E4": Object {
      "Properties": Object {
        "AssumeRolePolicyDocument": Object {
          "Statement": Array [
            Object {
              "Action": "sts:AssumeRole",
              "Effect": "Allow",
              "Principal": Object {
                "Service": "codebuild.amazonaws.com",
              },
            },
          ],
          "Version": "2012-10-17",
        },
      },
      "Type": "AWS::IAM::Role",
    },
    "ApplicationPipelineUpdatePipelineSelfMutationRoleDefaultPolicyE74ACD15": Object {
      "Properties": Object {
        "PolicyDocument": Object {
          "Statement": Array [
            Object {
              "Action": Array [
                "logs:CreateLogGroup",
                "logs:CreateLogStream",
                "logs:PutLogEvents",
              ],
              "Effect": "Allow",
              "Resource": Array [
                Object {
                  "Fn::Join": Array [
                    "",
                    Array [
                      "arn:",
                      Object {
                        "Ref": "AWS::Partition",
                      },
                      ":logs:",
                      Object {
                        "Ref": "AWS::Region",
                      },
                      ":",
                      Object {
                        "Ref": "AWS::AccountId",
                      },
                      ":log-group:/aws/codebuild/",
                      Object {
                        "Ref": "ApplicationPipelineUpdatePipelineSelfMutation66D95DA8",
                      },
                    ],
                  ],
                },
                Object {
                  "Fn::Join": Array [
                    "",
                    Array [
                      "arn:",
                      Object {
                        "Ref": "AWS::Partition",
                      },
                      ":logs:",
                      Object {
                        "Ref": "AWS::Region",
                      },
                      ":",
                      Object {
                        "Ref": "AWS::AccountId",
                      },
                      ":log-group:/aws/codebuild/",
                      Object {
                        "Ref": "ApplicationPipelineUpdatePipelineSelfMutation66D95DA8",
                      },
                      ":*",
                    ],
                  ],
                },
              ],
            },
            Object {
              "Action": Array [
                "codebuild:CreateReportGroup",
                "codebuild:CreateReport",
                "codebuild:UpdateReport",
                "codebuild:BatchPutTestCases",
                "codebuild:BatchPutCodeCoverages",
              ],
              "Effect": "Allow",
              "Resource": Object {
                "Fn::Join": Array [
                  "",
                  Array [
                    "arn:",
                    Object {
                      "Ref": "AWS::Partition",
                    },
                    ":codebuild:",
                    Object {
                      "Ref": "AWS::Region",
                    },
                    ":",
                    Object {
                      "Ref": "AWS::AccountId",
                    },
                    ":report-group/",
                    Object {
                      "Ref": "ApplicationPipelineUpdatePipelineSelfMutation66D95DA8",
                    },
                    "-*",
                  ],
                ],
              },
            },
            Object {
              "Action": "sts:AssumeRole",
              "Condition": Object {
                "ForAnyValue:StringEquals": Object {
                  "iam:ResourceTag/aws-cdk:bootstrap-role": Array [
                    "image-publishing",
                    "file-publishing",
                    "deploy",
                  ],
                },
              },
              "Effect": "Allow",
              "Resource": Object {
                "Fn::Join": Array [
                  "",
                  Array [
                    "arn:*:iam::",
                    Object {
                      "Ref": "AWS::AccountId",
                    },
                    ":role/*",
                  ],
                ],
              },
            },
            Object {
              "Action": "cloudformation:DescribeStacks",
              "Effect": "Allow",
              "Resource": "*",
            },
            Object {
              "Action": "s3:ListBucket",
              "Effect": "Allow",
              "Resource": "*",
            },
            Object {
              "Action": Array [
                "s3:GetObject*",
                "s3:GetBucket*",
                "s3:List*",
              ],
              "Effect": "Allow",
              "Resource": Array [
                Object {
                  "Fn::GetAtt": Array [
                    "ApplicationPipelineArtifactsBucketD6B45A16",
                    "Arn",
                  ],
                },
                Object {
                  "Fn::Join": Array [
                    "",
                    Array [
                      Object {
                        "Fn::GetAtt": Array [
                          "ApplicationPipelineArtifactsBucketD6B45A16",
                          "Arn",
                        ],
                      },
                      "/*",
                    ],
                  ],
                },
              ],
            },
            Object {
              "Action": Array [
                "kms:Decrypt",
                "kms:DescribeKey",
              ],
              "Effect": "Allow",
              "Resource": Object {
                "Fn::GetAtt": Array [
                  "ApplicationPipelineArtifactKey284E3A3C",
                  "Arn",
                ],
              },
            },
            Object {
              "Action": Array [
                "kms:Decrypt",
                "kms:Encrypt",
                "kms:ReEncrypt*",
                "kms:GenerateDataKey*",
              ],
              "Effect": "Allow",
              "Resource": Object {
                "Fn::GetAtt": Array [
                  "ApplicationPipelineArtifactKey284E3A3C",
                  "Arn",
                ],
              },
            },
          ],
          "Version": "2012-10-17",
        },
        "PolicyName": "ApplicationPipelineUpdatePipelineSelfMutationRoleDefaultPolicyE74ACD15",
        "Roles": Array [
          Object {
            "Ref": "ApplicationPipelineUpdatePipelineSelfMutationRoleD476D3E4",
          },
        ],
      },
      "Type": "AWS::IAM::Policy",
    },
    "CustomS3AutoDeleteObjectsCustomResourceProviderHandler9D90184F": Object {
      "DependsOn": Array [
        "CustomS3AutoDeleteObjectsCustomResourceProviderRole3B1BD092",
      ],
      "Properties": Object {
        "Code": Object {
          "S3Bucket": Object {
            "Fn::Sub": "cdk-hnb659fds-assets-\${AWS::AccountId}-\${AWS::Region}",
          },
          "S3Key": "350185a1069fa20a23a583e20c77f6844218bd73097902362dc94f1a108f5d89.zip",
        },
        "Description": Object {
          "Fn::Join": Array [
            "",
            Array [
              "Lambda function for auto-deleting objects in ",
              Object {
                "Ref": "ApplicationPipelineAccessLogsBucketAFC4E2E4",
              },
              " S3 bucket.",
            ],
          ],
        },
        "Handler": "__entrypoint__.handler",
        "MemorySize": 128,
        "Role": Object {
          "Fn::GetAtt": Array [
            "CustomS3AutoDeleteObjectsCustomResourceProviderRole3B1BD092",
            "Arn",
          ],
        },
        "Runtime": "nodejs14.x",
        "Timeout": 900,
      },
      "Type": "AWS::Lambda::Function",
    },
    "CustomS3AutoDeleteObjectsCustomResourceProviderRole3B1BD092": Object {
      "Properties": Object {
        "AssumeRolePolicyDocument": Object {
          "Statement": Array [
            Object {
              "Action": "sts:AssumeRole",
              "Effect": "Allow",
              "Principal": Object {
                "Service": "lambda.amazonaws.com",
              },
            },
          ],
          "Version": "2012-10-17",
        },
        "ManagedPolicyArns": Array [
          Object {
            "Fn::Sub": "arn:\${AWS::Partition}:iam::aws:policy/service-role/AWSLambdaBasicExecutionRole",
          },
        ],
      },
      "Type": "AWS::IAM::Role",
    },
  },
  "Rules": Object {
    "CheckBootstrapVersion": Object {
      "Assertions": Array [
        Object {
          "Assert": Object {
            "Fn::Not": Array [
              Object {
                "Fn::Contains": Array [
                  Array [
                    "1",
                    "2",
                    "3",
                    "4",
                    "5",
                  ],
                  Object {
                    "Ref": "BootstrapVersion",
                  },
                ],
              },
            ],
          },
          "AssertDescription": "CDK bootstrap stack version 6 required. Please run 'cdk bootstrap' with a recent version of the CDK CLI.",
        },
      ],
    },
  },
}
`;
